../../results/couplingMassLimits_2018_expected.txt